// Jest Snapshot v1, https://goo.gl/fbAQLP

exports[`Should render Advantage 1`] = `
<ul
  className="property__inside-list"
>
  <li
    className="property__inside-item"
  >
    Coffee machine
  </li>
  <li
    className="property__inside-item"
  >
    Dishwasher
  </li>
  <li
    className="property__inside-item"
  >
    Towels
  </li>
  <li
    className="property__inside-item"
  >
    Baby seat
  </li>
  <li
    className="property__inside-item"
  >
    Cabel TV
  </li>
</ul>
`;
